// Vitest Snapshot v1, https://vitest.dev/guide/snapshot.html

exports[`packager v1 > should generate Abel CSS successfully 1`] = `
[MockFunction writeFile] {
  "calls": [
    [
      "test/abel/latin-400.css",
      "/* abel-latin-400-normal */
@font-face {
  font-family: 'Abel';
  font-style: normal;
  font-display: var(--fontsource-display, swap);
  font-weight: 400;
  src: url(./files/abel-latin-400-normal.woff2) format('woff2'), url(./files/abel-latin-400-normal.woff) format('woff');
}",
    ],
    [
      "test/abel/latin.css",
      "/* abel-latin-400-normal */
@font-face {
  font-family: 'Abel';
  font-style: normal;
  font-display: var(--fontsource-display, swap);
  font-weight: 400;
  src: url(./files/abel-latin-400-normal.woff2) format('woff2'), url(./files/abel-latin-400-normal.woff) format('woff');
}",
    ],
  ],
  "results": [
    {
      "type": "return",
      "value": undefined,
    },
    {
      "type": "return",
      "value": undefined,
    },
  ],
}
`;

exports[`packager v1 > should generate Cabin CSS successfully 1`] = `
[MockFunction writeFile] {
  "calls": [
    [
      "test/cabin/latin-400-italic.css",
      "/* cabin-latin-400-italic */
@font-face {
  font-family: 'Cabin';
  font-style: italic;
  font-display: var(--fontsource-display, swap);
  font-weight: 400;
  src: url(./files/cabin-latin-400-italic.woff2) format('woff2'), url(./files/cabin-latin-400-italic.woff) format('woff');
}",
    ],
    [
      "test/cabin/latin-400.css",
      "/* cabin-latin-400-normal */
@font-face {
  font-family: 'Cabin';
  font-style: normal;
  font-display: var(--fontsource-display, swap);
  font-weight: 400;
  src: url(./files/cabin-latin-400-normal.woff2) format('woff2'), url(./files/cabin-latin-400-normal.woff) format('woff');
}",
    ],
    [
      "test/cabin/latin-500-italic.css",
      "/* cabin-latin-500-italic */
@font-face {
  font-family: 'Cabin';
  font-style: italic;
  font-display: var(--fontsource-display, swap);
  font-weight: 500;
  src: url(./files/cabin-latin-500-italic.woff2) format('woff2'), url(./files/cabin-latin-500-italic.woff) format('woff');
}",
    ],
    [
      "test/cabin/latin-500.css",
      "/* cabin-latin-500-normal */
@font-face {
  font-family: 'Cabin';
  font-style: normal;
  font-display: var(--fontsource-display, swap);
  font-weight: 500;
  src: url(./files/cabin-latin-500-normal.woff2) format('woff2'), url(./files/cabin-latin-500-normal.woff) format('woff');
}",
    ],
    [
      "test/cabin/latin-600-italic.css",
      "/* cabin-latin-600-italic */
@font-face {
  font-family: 'Cabin';
  font-style: italic;
  font-display: var(--fontsource-display, swap);
  font-weight: 600;
  src: url(./files/cabin-latin-600-italic.woff2) format('woff2'), url(./files/cabin-latin-600-italic.woff) format('woff');
}",
    ],
    [
      "test/cabin/latin-600.css",
      "/* cabin-latin-600-normal */
@font-face {
  font-family: 'Cabin';
  font-style: normal;
  font-display: var(--fontsource-display, swap);
  font-weight: 600;
  src: url(./files/cabin-latin-600-normal.woff2) format('woff2'), url(./files/cabin-latin-600-normal.woff) format('woff');
}",
    ],
    [
      "test/cabin/latin-700-italic.css",
      "/* cabin-latin-700-italic */
@font-face {
  font-family: 'Cabin';
  font-style: italic;
  font-display: var(--fontsource-display, swap);
  font-weight: 700;
  src: url(./files/cabin-latin-700-italic.woff2) format('woff2'), url(./files/cabin-latin-700-italic.woff) format('woff');
}",
    ],
    [
      "test/cabin/latin-700.css",
      "/* cabin-latin-700-normal */
@font-face {
  font-family: 'Cabin';
  font-style: normal;
  font-display: var(--fontsource-display, swap);
  font-weight: 700;
  src: url(./files/cabin-latin-700-normal.woff2) format('woff2'), url(./files/cabin-latin-700-normal.woff) format('woff');
}",
    ],
    [
      "test/cabin/latin.css",
      "/* cabin-latin-400-normal */
@font-face {
  font-family: 'Cabin';
  font-style: normal;
  font-display: var(--fontsource-display, swap);
  font-weight: 400;
  src: url(./files/cabin-latin-400-normal.woff2) format('woff2'), url(./files/cabin-latin-400-normal.woff) format('woff');
}

/* cabin-latin-500-normal */
@font-face {
  font-family: 'Cabin';
  font-style: normal;
  font-display: var(--fontsource-display, swap);
  font-weight: 500;
  src: url(./files/cabin-latin-500-normal.woff2) format('woff2'), url(./files/cabin-latin-500-normal.woff) format('woff');
}

/* cabin-latin-600-normal */
@font-face {
  font-family: 'Cabin';
  font-style: normal;
  font-display: var(--fontsource-display, swap);
  font-weight: 600;
  src: url(./files/cabin-latin-600-normal.woff2) format('woff2'), url(./files/cabin-latin-600-normal.woff) format('woff');
}

/* cabin-latin-700-normal */
@font-face {
  font-family: 'Cabin';
  font-style: normal;
  font-display: var(--fontsource-display, swap);
  font-weight: 700;
  src: url(./files/cabin-latin-700-normal.woff2) format('woff2'), url(./files/cabin-latin-700-normal.woff) format('woff');
}",
    ],
    [
      "test/cabin/latin-italic.css",
      "/* cabin-latin-400-italic */
@font-face {
  font-family: 'Cabin';
  font-style: italic;
  font-display: var(--fontsource-display, swap);
  font-weight: 400;
  src: url(./files/cabin-latin-400-italic.woff2) format('woff2'), url(./files/cabin-latin-400-italic.woff) format('woff');
}

/* cabin-latin-500-italic */
@font-face {
  font-family: 'Cabin';
  font-style: italic;
  font-display: var(--fontsource-display, swap);
  font-weight: 500;
  src: url(./files/cabin-latin-500-italic.woff2) format('woff2'), url(./files/cabin-latin-500-italic.woff) format('woff');
}

/* cabin-latin-600-italic */
@font-face {
  font-family: 'Cabin';
  font-style: italic;
  font-display: var(--fontsource-display, swap);
  font-weight: 600;
  src: url(./files/cabin-latin-600-italic.woff2) format('woff2'), url(./files/cabin-latin-600-italic.woff) format('woff');
}

/* cabin-latin-700-italic */
@font-face {
  font-family: 'Cabin';
  font-style: italic;
  font-display: var(--fontsource-display, swap);
  font-weight: 700;
  src: url(./files/cabin-latin-700-italic.woff2) format('woff2'), url(./files/cabin-latin-700-italic.woff) format('woff');
}",
    ],
    [
      "test/cabin/latin-ext-400-italic.css",
      "/* cabin-latin-ext-400-italic */
@font-face {
  font-family: 'Cabin';
  font-style: italic;
  font-display: var(--fontsource-display, swap);
  font-weight: 400;
  src: url(./files/cabin-latin-ext-400-italic.woff2) format('woff2'), url(./files/cabin-latin-ext-400-italic.woff) format('woff');
}",
    ],
    [
      "test/cabin/latin-ext-400.css",
      "/* cabin-latin-ext-400-normal */
@font-face {
  font-family: 'Cabin';
  font-style: normal;
  font-display: var(--fontsource-display, swap);
  font-weight: 400;
  src: url(./files/cabin-latin-ext-400-normal.woff2) format('woff2'), url(./files/cabin-latin-ext-400-normal.woff) format('woff');
}",
    ],
    [
      "test/cabin/latin-ext-500-italic.css",
      "/* cabin-latin-ext-500-italic */
@font-face {
  font-family: 'Cabin';
  font-style: italic;
  font-display: var(--fontsource-display, swap);
  font-weight: 500;
  src: url(./files/cabin-latin-ext-500-italic.woff2) format('woff2'), url(./files/cabin-latin-ext-500-italic.woff) format('woff');
}",
    ],
    [
      "test/cabin/latin-ext-500.css",
      "/* cabin-latin-ext-500-normal */
@font-face {
  font-family: 'Cabin';
  font-style: normal;
  font-display: var(--fontsource-display, swap);
  font-weight: 500;
  src: url(./files/cabin-latin-ext-500-normal.woff2) format('woff2'), url(./files/cabin-latin-ext-500-normal.woff) format('woff');
}",
    ],
    [
      "test/cabin/latin-ext-600-italic.css",
      "/* cabin-latin-ext-600-italic */
@font-face {
  font-family: 'Cabin';
  font-style: italic;
  font-display: var(--fontsource-display, swap);
  font-weight: 600;
  src: url(./files/cabin-latin-ext-600-italic.woff2) format('woff2'), url(./files/cabin-latin-ext-600-italic.woff) format('woff');
}",
    ],
    [
      "test/cabin/latin-ext-600.css",
      "/* cabin-latin-ext-600-normal */
@font-face {
  font-family: 'Cabin';
  font-style: normal;
  font-display: var(--fontsource-display, swap);
  font-weight: 600;
  src: url(./files/cabin-latin-ext-600-normal.woff2) format('woff2'), url(./files/cabin-latin-ext-600-normal.woff) format('woff');
}",
    ],
    [
      "test/cabin/latin-ext-700-italic.css",
      "/* cabin-latin-ext-700-italic */
@font-face {
  font-family: 'Cabin';
  font-style: italic;
  font-display: var(--fontsource-display, swap);
  font-weight: 700;
  src: url(./files/cabin-latin-ext-700-italic.woff2) format('woff2'), url(./files/cabin-latin-ext-700-italic.woff) format('woff');
}",
    ],
    [
      "test/cabin/latin-ext-700.css",
      "/* cabin-latin-ext-700-normal */
@font-face {
  font-family: 'Cabin';
  font-style: normal;
  font-display: var(--fontsource-display, swap);
  font-weight: 700;
  src: url(./files/cabin-latin-ext-700-normal.woff2) format('woff2'), url(./files/cabin-latin-ext-700-normal.woff) format('woff');
}",
    ],
    [
      "test/cabin/latin-ext.css",
      "/* cabin-latin-ext-400-normal */
@font-face {
  font-family: 'Cabin';
  font-style: normal;
  font-display: var(--fontsource-display, swap);
  font-weight: 400;
  src: url(./files/cabin-latin-ext-400-normal.woff2) format('woff2'), url(./files/cabin-latin-ext-400-normal.woff) format('woff');
}

/* cabin-latin-ext-500-normal */
@font-face {
  font-family: 'Cabin';
  font-style: normal;
  font-display: var(--fontsource-display, swap);
  font-weight: 500;
  src: url(./files/cabin-latin-ext-500-normal.woff2) format('woff2'), url(./files/cabin-latin-ext-500-normal.woff) format('woff');
}

/* cabin-latin-ext-600-normal */
@font-face {
  font-family: 'Cabin';
  font-style: normal;
  font-display: var(--fontsource-display, swap);
  font-weight: 600;
  src: url(./files/cabin-latin-ext-600-normal.woff2) format('woff2'), url(./files/cabin-latin-ext-600-normal.woff) format('woff');
}

/* cabin-latin-ext-700-normal */
@font-face {
  font-family: 'Cabin';
  font-style: normal;
  font-display: var(--fontsource-display, swap);
  font-weight: 700;
  src: url(./files/cabin-latin-ext-700-normal.woff2) format('woff2'), url(./files/cabin-latin-ext-700-normal.woff) format('woff');
}",
    ],
    [
      "test/cabin/latin-ext-italic.css",
      "/* cabin-latin-ext-400-italic */
@font-face {
  font-family: 'Cabin';
  font-style: italic;
  font-display: var(--fontsource-display, swap);
  font-weight: 400;
  src: url(./files/cabin-latin-ext-400-italic.woff2) format('woff2'), url(./files/cabin-latin-ext-400-italic.woff) format('woff');
}

/* cabin-latin-ext-500-italic */
@font-face {
  font-family: 'Cabin';
  font-style: italic;
  font-display: var(--fontsource-display, swap);
  font-weight: 500;
  src: url(./files/cabin-latin-ext-500-italic.woff2) format('woff2'), url(./files/cabin-latin-ext-500-italic.woff) format('woff');
}

/* cabin-latin-ext-600-italic */
@font-face {
  font-family: 'Cabin';
  font-style: italic;
  font-display: var(--fontsource-display, swap);
  font-weight: 600;
  src: url(./files/cabin-latin-ext-600-italic.woff2) format('woff2'), url(./files/cabin-latin-ext-600-italic.woff) format('woff');
}

/* cabin-latin-ext-700-italic */
@font-face {
  font-family: 'Cabin';
  font-style: italic;
  font-display: var(--fontsource-display, swap);
  font-weight: 700;
  src: url(./files/cabin-latin-ext-700-italic.woff2) format('woff2'), url(./files/cabin-latin-ext-700-italic.woff) format('woff');
}",
    ],
    [
      "test/cabin/vietnamese-400-italic.css",
      "/* cabin-vietnamese-400-italic */
@font-face {
  font-family: 'Cabin';
  font-style: italic;
  font-display: var(--fontsource-display, swap);
  font-weight: 400;
  src: url(./files/cabin-vietnamese-400-italic.woff2) format('woff2'), url(./files/cabin-vietnamese-400-italic.woff) format('woff');
}",
    ],
    [
      "test/cabin/vietnamese-400.css",
      "/* cabin-vietnamese-400-normal */
@font-face {
  font-family: 'Cabin';
  font-style: normal;
  font-display: var(--fontsource-display, swap);
  font-weight: 400;
  src: url(./files/cabin-vietnamese-400-normal.woff2) format('woff2'), url(./files/cabin-vietnamese-400-normal.woff) format('woff');
}",
    ],
    [
      "test/cabin/vietnamese-500-italic.css",
      "/* cabin-vietnamese-500-italic */
@font-face {
  font-family: 'Cabin';
  font-style: italic;
  font-display: var(--fontsource-display, swap);
  font-weight: 500;
  src: url(./files/cabin-vietnamese-500-italic.woff2) format('woff2'), url(./files/cabin-vietnamese-500-italic.woff) format('woff');
}",
    ],
    [
      "test/cabin/vietnamese-500.css",
      "/* cabin-vietnamese-500-normal */
@font-face {
  font-family: 'Cabin';
  font-style: normal;
  font-display: var(--fontsource-display, swap);
  font-weight: 500;
  src: url(./files/cabin-vietnamese-500-normal.woff2) format('woff2'), url(./files/cabin-vietnamese-500-normal.woff) format('woff');
}",
    ],
    [
      "test/cabin/vietnamese-600-italic.css",
      "/* cabin-vietnamese-600-italic */
@font-face {
  font-family: 'Cabin';
  font-style: italic;
  font-display: var(--fontsource-display, swap);
  font-weight: 600;
  src: url(./files/cabin-vietnamese-600-italic.woff2) format('woff2'), url(./files/cabin-vietnamese-600-italic.woff) format('woff');
}",
    ],
    [
      "test/cabin/vietnamese-600.css",
      "/* cabin-vietnamese-600-normal */
@font-face {
  font-family: 'Cabin';
  font-style: normal;
  font-display: var(--fontsource-display, swap);
  font-weight: 600;
  src: url(./files/cabin-vietnamese-600-normal.woff2) format('woff2'), url(./files/cabin-vietnamese-600-normal.woff) format('woff');
}",
    ],
    [
      "test/cabin/vietnamese-700-italic.css",
      "/* cabin-vietnamese-700-italic */
@font-face {
  font-family: 'Cabin';
  font-style: italic;
  font-display: var(--fontsource-display, swap);
  font-weight: 700;
  src: url(./files/cabin-vietnamese-700-italic.woff2) format('woff2'), url(./files/cabin-vietnamese-700-italic.woff) format('woff');
}",
    ],
    [
      "test/cabin/vietnamese-700.css",
      "/* cabin-vietnamese-700-normal */
@font-face {
  font-family: 'Cabin';
  font-style: normal;
  font-display: var(--fontsource-display, swap);
  font-weight: 700;
  src: url(./files/cabin-vietnamese-700-normal.woff2) format('woff2'), url(./files/cabin-vietnamese-700-normal.woff) format('woff');
}",
    ],
    [
      "test/cabin/vietnamese.css",
      "/* cabin-vietnamese-400-normal */
@font-face {
  font-family: 'Cabin';
  font-style: normal;
  font-display: var(--fontsource-display, swap);
  font-weight: 400;
  src: url(./files/cabin-vietnamese-400-normal.woff2) format('woff2'), url(./files/cabin-vietnamese-400-normal.woff) format('woff');
}

/* cabin-vietnamese-500-normal */
@font-face {
  font-family: 'Cabin';
  font-style: normal;
  font-display: var(--fontsource-display, swap);
  font-weight: 500;
  src: url(./files/cabin-vietnamese-500-normal.woff2) format('woff2'), url(./files/cabin-vietnamese-500-normal.woff) format('woff');
}

/* cabin-vietnamese-600-normal */
@font-face {
  font-family: 'Cabin';
  font-style: normal;
  font-display: var(--fontsource-display, swap);
  font-weight: 600;
  src: url(./files/cabin-vietnamese-600-normal.woff2) format('woff2'), url(./files/cabin-vietnamese-600-normal.woff) format('woff');
}

/* cabin-vietnamese-700-normal */
@font-face {
  font-family: 'Cabin';
  font-style: normal;
  font-display: var(--fontsource-display, swap);
  font-weight: 700;
  src: url(./files/cabin-vietnamese-700-normal.woff2) format('woff2'), url(./files/cabin-vietnamese-700-normal.woff) format('woff');
}",
    ],
    [
      "test/cabin/vietnamese-italic.css",
      "/* cabin-vietnamese-400-italic */
@font-face {
  font-family: 'Cabin';
  font-style: italic;
  font-display: var(--fontsource-display, swap);
  font-weight: 400;
  src: url(./files/cabin-vietnamese-400-italic.woff2) format('woff2'), url(./files/cabin-vietnamese-400-italic.woff) format('woff');
}

/* cabin-vietnamese-500-italic */
@font-face {
  font-family: 'Cabin';
  font-style: italic;
  font-display: var(--fontsource-display, swap);
  font-weight: 500;
  src: url(./files/cabin-vietnamese-500-italic.woff2) format('woff2'), url(./files/cabin-vietnamese-500-italic.woff) format('woff');
}

/* cabin-vietnamese-600-italic */
@font-face {
  font-family: 'Cabin';
  font-style: italic;
  font-display: var(--fontsource-display, swap);
  font-weight: 600;
  src: url(./files/cabin-vietnamese-600-italic.woff2) format('woff2'), url(./files/cabin-vietnamese-600-italic.woff) format('woff');
}

/* cabin-vietnamese-700-italic */
@font-face {
  font-family: 'Cabin';
  font-style: italic;
  font-display: var(--fontsource-display, swap);
  font-weight: 700;
  src: url(./files/cabin-vietnamese-700-italic.woff2) format('woff2'), url(./files/cabin-vietnamese-700-italic.woff) format('woff');
}",
    ],
  ],
  "results": [
    {
      "type": "return",
      "value": undefined,
    },
    {
      "type": "return",
      "value": undefined,
    },
    {
      "type": "return",
      "value": undefined,
    },
    {
      "type": "return",
      "value": undefined,
    },
    {
      "type": "return",
      "value": undefined,
    },
    {
      "type": "return",
      "value": undefined,
    },
    {
      "type": "return",
      "value": undefined,
    },
    {
      "type": "return",
      "value": undefined,
    },
    {
      "type": "return",
      "value": undefined,
    },
    {
      "type": "return",
      "value": undefined,
    },
    {
      "type": "return",
      "value": undefined,
    },
    {
      "type": "return",
      "value": undefined,
    },
    {
      "type": "return",
      "value": undefined,
    },
    {
      "type": "return",
      "value": undefined,
    },
    {
      "type": "return",
      "value": undefined,
    },
    {
      "type": "return",
      "value": undefined,
    },
    {
      "type": "return",
      "value": undefined,
    },
    {
      "type": "return",
      "value": undefined,
    },
    {
      "type": "return",
      "value": undefined,
    },
    {
      "type": "return",
      "value": undefined,
    },
    {
      "type": "return",
      "value": undefined,
    },
    {
      "type": "return",
      "value": undefined,
    },
    {
      "type": "return",
      "value": undefined,
    },
    {
      "type": "return",
      "value": undefined,
    },
    {
      "type": "return",
      "value": undefined,
    },
    {
      "type": "return",
      "value": undefined,
    },
    {
      "type": "return",
      "value": undefined,
    },
    {
      "type": "return",
      "value": undefined,
    },
    {
      "type": "return",
      "value": undefined,
    },
    {
      "type": "return",
      "value": undefined,
    },
  ],
}
`;

exports[`packager v1 > should generate Noto Sans JP successfully 1`] = `
[MockFunction writeFile] {
  "calls": [
    [
      "test/noto-sans-jp/japanese-100.css",
      "/* noto-sans-jp-japanese-100-normal */
@font-face {
  font-family: 'Noto Sans JP';
  font-style: normal;
  font-display: var(--fontsource-display, swap);
  font-weight: 100;
  src: url(./files/noto-sans-jp-japanese-100-normal.woff2) format('woff2'), url(./files/noto-sans-jp-japanese-100-normal.woff) format('woff');
}",
    ],
    [
      "test/noto-sans-jp/japanese-300.css",
      "/* noto-sans-jp-japanese-300-normal */
@font-face {
  font-family: 'Noto Sans JP';
  font-style: normal;
  font-display: var(--fontsource-display, swap);
  font-weight: 300;
  src: url(./files/noto-sans-jp-japanese-300-normal.woff2) format('woff2'), url(./files/noto-sans-jp-japanese-300-normal.woff) format('woff');
}",
    ],
    [
      "test/noto-sans-jp/japanese-400.css",
      "/* noto-sans-jp-japanese-400-normal */
@font-face {
  font-family: 'Noto Sans JP';
  font-style: normal;
  font-display: var(--fontsource-display, swap);
  font-weight: 400;
  src: url(./files/noto-sans-jp-japanese-400-normal.woff2) format('woff2'), url(./files/noto-sans-jp-japanese-400-normal.woff) format('woff');
}",
    ],
    [
      "test/noto-sans-jp/japanese-500.css",
      "/* noto-sans-jp-japanese-500-normal */
@font-face {
  font-family: 'Noto Sans JP';
  font-style: normal;
  font-display: var(--fontsource-display, swap);
  font-weight: 500;
  src: url(./files/noto-sans-jp-japanese-500-normal.woff2) format('woff2'), url(./files/noto-sans-jp-japanese-500-normal.woff) format('woff');
}",
    ],
    [
      "test/noto-sans-jp/japanese-700.css",
      "/* noto-sans-jp-japanese-700-normal */
@font-face {
  font-family: 'Noto Sans JP';
  font-style: normal;
  font-display: var(--fontsource-display, swap);
  font-weight: 700;
  src: url(./files/noto-sans-jp-japanese-700-normal.woff2) format('woff2'), url(./files/noto-sans-jp-japanese-700-normal.woff) format('woff');
}",
    ],
    [
      "test/noto-sans-jp/japanese-900.css",
      "/* noto-sans-jp-japanese-900-normal */
@font-face {
  font-family: 'Noto Sans JP';
  font-style: normal;
  font-display: var(--fontsource-display, swap);
  font-weight: 900;
  src: url(./files/noto-sans-jp-japanese-900-normal.woff2) format('woff2'), url(./files/noto-sans-jp-japanese-900-normal.woff) format('woff');
}",
    ],
    [
      "test/noto-sans-jp/japanese.css",
      "/* noto-sans-jp-japanese-100-normal */
@font-face {
  font-family: 'Noto Sans JP';
  font-style: normal;
  font-display: var(--fontsource-display, swap);
  font-weight: 100;
  src: url(./files/noto-sans-jp-japanese-100-normal.woff2) format('woff2'), url(./files/noto-sans-jp-japanese-100-normal.woff) format('woff');
}

/* noto-sans-jp-japanese-300-normal */
@font-face {
  font-family: 'Noto Sans JP';
  font-style: normal;
  font-display: var(--fontsource-display, swap);
  font-weight: 300;
  src: url(./files/noto-sans-jp-japanese-300-normal.woff2) format('woff2'), url(./files/noto-sans-jp-japanese-300-normal.woff) format('woff');
}

/* noto-sans-jp-japanese-400-normal */
@font-face {
  font-family: 'Noto Sans JP';
  font-style: normal;
  font-display: var(--fontsource-display, swap);
  font-weight: 400;
  src: url(./files/noto-sans-jp-japanese-400-normal.woff2) format('woff2'), url(./files/noto-sans-jp-japanese-400-normal.woff) format('woff');
}

/* noto-sans-jp-japanese-500-normal */
@font-face {
  font-family: 'Noto Sans JP';
  font-style: normal;
  font-display: var(--fontsource-display, swap);
  font-weight: 500;
  src: url(./files/noto-sans-jp-japanese-500-normal.woff2) format('woff2'), url(./files/noto-sans-jp-japanese-500-normal.woff) format('woff');
}

/* noto-sans-jp-japanese-700-normal */
@font-face {
  font-family: 'Noto Sans JP';
  font-style: normal;
  font-display: var(--fontsource-display, swap);
  font-weight: 700;
  src: url(./files/noto-sans-jp-japanese-700-normal.woff2) format('woff2'), url(./files/noto-sans-jp-japanese-700-normal.woff) format('woff');
}

/* noto-sans-jp-japanese-900-normal */
@font-face {
  font-family: 'Noto Sans JP';
  font-style: normal;
  font-display: var(--fontsource-display, swap);
  font-weight: 900;
  src: url(./files/noto-sans-jp-japanese-900-normal.woff2) format('woff2'), url(./files/noto-sans-jp-japanese-900-normal.woff) format('woff');
}",
    ],
    [
      "test/noto-sans-jp/latin-100.css",
      "/* noto-sans-jp-latin-100-normal */
@font-face {
  font-family: 'Noto Sans JP';
  font-style: normal;
  font-display: var(--fontsource-display, swap);
  font-weight: 100;
  src: url(./files/noto-sans-jp-latin-100-normal.woff2) format('woff2'), url(./files/noto-sans-jp-latin-100-normal.woff) format('woff');
}",
    ],
    [
      "test/noto-sans-jp/latin-300.css",
      "/* noto-sans-jp-latin-300-normal */
@font-face {
  font-family: 'Noto Sans JP';
  font-style: normal;
  font-display: var(--fontsource-display, swap);
  font-weight: 300;
  src: url(./files/noto-sans-jp-latin-300-normal.woff2) format('woff2'), url(./files/noto-sans-jp-latin-300-normal.woff) format('woff');
}",
    ],
    [
      "test/noto-sans-jp/latin-400.css",
      "/* noto-sans-jp-latin-400-normal */
@font-face {
  font-family: 'Noto Sans JP';
  font-style: normal;
  font-display: var(--fontsource-display, swap);
  font-weight: 400;
  src: url(./files/noto-sans-jp-latin-400-normal.woff2) format('woff2'), url(./files/noto-sans-jp-latin-400-normal.woff) format('woff');
}",
    ],
    [
      "test/noto-sans-jp/latin-500.css",
      "/* noto-sans-jp-latin-500-normal */
@font-face {
  font-family: 'Noto Sans JP';
  font-style: normal;
  font-display: var(--fontsource-display, swap);
  font-weight: 500;
  src: url(./files/noto-sans-jp-latin-500-normal.woff2) format('woff2'), url(./files/noto-sans-jp-latin-500-normal.woff) format('woff');
}",
    ],
    [
      "test/noto-sans-jp/latin-700.css",
      "/* noto-sans-jp-latin-700-normal */
@font-face {
  font-family: 'Noto Sans JP';
  font-style: normal;
  font-display: var(--fontsource-display, swap);
  font-weight: 700;
  src: url(./files/noto-sans-jp-latin-700-normal.woff2) format('woff2'), url(./files/noto-sans-jp-latin-700-normal.woff) format('woff');
}",
    ],
    [
      "test/noto-sans-jp/latin-900.css",
      "/* noto-sans-jp-latin-900-normal */
@font-face {
  font-family: 'Noto Sans JP';
  font-style: normal;
  font-display: var(--fontsource-display, swap);
  font-weight: 900;
  src: url(./files/noto-sans-jp-latin-900-normal.woff2) format('woff2'), url(./files/noto-sans-jp-latin-900-normal.woff) format('woff');
}",
    ],
    [
      "test/noto-sans-jp/latin.css",
      "/* noto-sans-jp-latin-100-normal */
@font-face {
  font-family: 'Noto Sans JP';
  font-style: normal;
  font-display: var(--fontsource-display, swap);
  font-weight: 100;
  src: url(./files/noto-sans-jp-latin-100-normal.woff2) format('woff2'), url(./files/noto-sans-jp-latin-100-normal.woff) format('woff');
}

/* noto-sans-jp-latin-300-normal */
@font-face {
  font-family: 'Noto Sans JP';
  font-style: normal;
  font-display: var(--fontsource-display, swap);
  font-weight: 300;
  src: url(./files/noto-sans-jp-latin-300-normal.woff2) format('woff2'), url(./files/noto-sans-jp-latin-300-normal.woff) format('woff');
}

/* noto-sans-jp-latin-400-normal */
@font-face {
  font-family: 'Noto Sans JP';
  font-style: normal;
  font-display: var(--fontsource-display, swap);
  font-weight: 400;
  src: url(./files/noto-sans-jp-latin-400-normal.woff2) format('woff2'), url(./files/noto-sans-jp-latin-400-normal.woff) format('woff');
}

/* noto-sans-jp-latin-500-normal */
@font-face {
  font-family: 'Noto Sans JP';
  font-style: normal;
  font-display: var(--fontsource-display, swap);
  font-weight: 500;
  src: url(./files/noto-sans-jp-latin-500-normal.woff2) format('woff2'), url(./files/noto-sans-jp-latin-500-normal.woff) format('woff');
}

/* noto-sans-jp-latin-700-normal */
@font-face {
  font-family: 'Noto Sans JP';
  font-style: normal;
  font-display: var(--fontsource-display, swap);
  font-weight: 700;
  src: url(./files/noto-sans-jp-latin-700-normal.woff2) format('woff2'), url(./files/noto-sans-jp-latin-700-normal.woff) format('woff');
}

/* noto-sans-jp-latin-900-normal */
@font-face {
  font-family: 'Noto Sans JP';
  font-style: normal;
  font-display: var(--fontsource-display, swap);
  font-weight: 900;
  src: url(./files/noto-sans-jp-latin-900-normal.woff2) format('woff2'), url(./files/noto-sans-jp-latin-900-normal.woff) format('woff');
}",
    ],
  ],
  "results": [
    {
      "type": "return",
      "value": undefined,
    },
    {
      "type": "return",
      "value": undefined,
    },
    {
      "type": "return",
      "value": undefined,
    },
    {
      "type": "return",
      "value": undefined,
    },
    {
      "type": "return",
      "value": undefined,
    },
    {
      "type": "return",
      "value": undefined,
    },
    {
      "type": "return",
      "value": undefined,
    },
    {
      "type": "return",
      "value": undefined,
    },
    {
      "type": "return",
      "value": undefined,
    },
    {
      "type": "return",
      "value": undefined,
    },
    {
      "type": "return",
      "value": undefined,
    },
    {
      "type": "return",
      "value": undefined,
    },
    {
      "type": "return",
      "value": undefined,
    },
    {
      "type": "return",
      "value": undefined,
    },
  ],
}
`;
