// Vitest Snapshot v1, https://vitest.dev/guide/snapshot.html

exports[`fonts id worker > should return normal id response 1`] = `
{
  "category": "sans-serif",
  "defSubset": "latin",
  "family": "Akshar",
  "id": "akshar",
  "lastModified": "2023-03-21",
  "license": "OFL-1.1",
  "npmVersion": "5.0.0",
  "source": "https://github.com/google/fonts",
  "styles": [
    "normal",
  ],
  "subsets": [
    "devanagari",
    "latin",
    "latin-ext",
  ],
  "type": "google",
  "unicodeRange": {
    "devanagari": "U+0900-097F,U+1CD0-1CF9,U+200C-200D,U+20A8,U+20B9,U+25CC,U+A830-A839,U+A8E0-A8FF",
    "latin": "U+0000-00FF,U+0131,U+0152-0153,U+02BB-02BC,U+02C6,U+02DA,U+02DC,U+0300-0301,U+0303-0304,U+0308-0309,U+0323,U+0329,U+2000-206F,U+2074,U+20AC,U+2122,U+2191,U+2193,U+2212,U+2215,U+FEFF,U+FFFD",
    "latin-ext": "U+0100-02AF,U+0300-0301,U+0303-0304,U+0308-0309,U+0323,U+0329,U+1E00-1EFF,U+2020,U+20A0-20AB,U+20AD-20CF,U+2113,U+2C60-2C7F,U+A720-A7FF",
  },
  "variable": true,
  "variants": {
    "300": {
      "normal": {
        "devanagari": {
          "url": {
            "ttf": "https://cdn.jsdelivr.net/fontsource/fonts/akshar@latest/devanagari-300-normal.ttf",
            "woff": "https://cdn.jsdelivr.net/fontsource/fonts/akshar@latest/devanagari-300-normal.woff",
            "woff2": "https://cdn.jsdelivr.net/fontsource/fonts/akshar@latest/devanagari-300-normal.woff2",
          },
        },
        "latin": {
          "url": {
            "ttf": "https://cdn.jsdelivr.net/fontsource/fonts/akshar@latest/latin-300-normal.ttf",
            "woff": "https://cdn.jsdelivr.net/fontsource/fonts/akshar@latest/latin-300-normal.woff",
            "woff2": "https://cdn.jsdelivr.net/fontsource/fonts/akshar@latest/latin-300-normal.woff2",
          },
        },
        "latin-ext": {
          "url": {
            "ttf": "https://cdn.jsdelivr.net/fontsource/fonts/akshar@latest/latin-ext-300-normal.ttf",
            "woff": "https://cdn.jsdelivr.net/fontsource/fonts/akshar@latest/latin-ext-300-normal.woff",
            "woff2": "https://cdn.jsdelivr.net/fontsource/fonts/akshar@latest/latin-ext-300-normal.woff2",
          },
        },
      },
    },
    "400": {
      "normal": {
        "devanagari": {
          "url": {
            "ttf": "https://cdn.jsdelivr.net/fontsource/fonts/akshar@latest/devanagari-400-normal.ttf",
            "woff": "https://cdn.jsdelivr.net/fontsource/fonts/akshar@latest/devanagari-400-normal.woff",
            "woff2": "https://cdn.jsdelivr.net/fontsource/fonts/akshar@latest/devanagari-400-normal.woff2",
          },
        },
        "latin": {
          "url": {
            "ttf": "https://cdn.jsdelivr.net/fontsource/fonts/akshar@latest/latin-400-normal.ttf",
            "woff": "https://cdn.jsdelivr.net/fontsource/fonts/akshar@latest/latin-400-normal.woff",
            "woff2": "https://cdn.jsdelivr.net/fontsource/fonts/akshar@latest/latin-400-normal.woff2",
          },
        },
        "latin-ext": {
          "url": {
            "ttf": "https://cdn.jsdelivr.net/fontsource/fonts/akshar@latest/latin-ext-400-normal.ttf",
            "woff": "https://cdn.jsdelivr.net/fontsource/fonts/akshar@latest/latin-ext-400-normal.woff",
            "woff2": "https://cdn.jsdelivr.net/fontsource/fonts/akshar@latest/latin-ext-400-normal.woff2",
          },
        },
      },
    },
    "500": {
      "normal": {
        "devanagari": {
          "url": {
            "ttf": "https://cdn.jsdelivr.net/fontsource/fonts/akshar@latest/devanagari-500-normal.ttf",
            "woff": "https://cdn.jsdelivr.net/fontsource/fonts/akshar@latest/devanagari-500-normal.woff",
            "woff2": "https://cdn.jsdelivr.net/fontsource/fonts/akshar@latest/devanagari-500-normal.woff2",
          },
        },
        "latin": {
          "url": {
            "ttf": "https://cdn.jsdelivr.net/fontsource/fonts/akshar@latest/latin-500-normal.ttf",
            "woff": "https://cdn.jsdelivr.net/fontsource/fonts/akshar@latest/latin-500-normal.woff",
            "woff2": "https://cdn.jsdelivr.net/fontsource/fonts/akshar@latest/latin-500-normal.woff2",
          },
        },
        "latin-ext": {
          "url": {
            "ttf": "https://cdn.jsdelivr.net/fontsource/fonts/akshar@latest/latin-ext-500-normal.ttf",
            "woff": "https://cdn.jsdelivr.net/fontsource/fonts/akshar@latest/latin-ext-500-normal.woff",
            "woff2": "https://cdn.jsdelivr.net/fontsource/fonts/akshar@latest/latin-ext-500-normal.woff2",
          },
        },
      },
    },
    "600": {
      "normal": {
        "devanagari": {
          "url": {
            "ttf": "https://cdn.jsdelivr.net/fontsource/fonts/akshar@latest/devanagari-600-normal.ttf",
            "woff": "https://cdn.jsdelivr.net/fontsource/fonts/akshar@latest/devanagari-600-normal.woff",
            "woff2": "https://cdn.jsdelivr.net/fontsource/fonts/akshar@latest/devanagari-600-normal.woff2",
          },
        },
        "latin": {
          "url": {
            "ttf": "https://cdn.jsdelivr.net/fontsource/fonts/akshar@latest/latin-600-normal.ttf",
            "woff": "https://cdn.jsdelivr.net/fontsource/fonts/akshar@latest/latin-600-normal.woff",
            "woff2": "https://cdn.jsdelivr.net/fontsource/fonts/akshar@latest/latin-600-normal.woff2",
          },
        },
        "latin-ext": {
          "url": {
            "ttf": "https://cdn.jsdelivr.net/fontsource/fonts/akshar@latest/latin-ext-600-normal.ttf",
            "woff": "https://cdn.jsdelivr.net/fontsource/fonts/akshar@latest/latin-ext-600-normal.woff",
            "woff2": "https://cdn.jsdelivr.net/fontsource/fonts/akshar@latest/latin-ext-600-normal.woff2",
          },
        },
      },
    },
    "700": {
      "normal": {
        "devanagari": {
          "url": {
            "ttf": "https://cdn.jsdelivr.net/fontsource/fonts/akshar@latest/devanagari-700-normal.ttf",
            "woff": "https://cdn.jsdelivr.net/fontsource/fonts/akshar@latest/devanagari-700-normal.woff",
            "woff2": "https://cdn.jsdelivr.net/fontsource/fonts/akshar@latest/devanagari-700-normal.woff2",
          },
        },
        "latin": {
          "url": {
            "ttf": "https://cdn.jsdelivr.net/fontsource/fonts/akshar@latest/latin-700-normal.ttf",
            "woff": "https://cdn.jsdelivr.net/fontsource/fonts/akshar@latest/latin-700-normal.woff",
            "woff2": "https://cdn.jsdelivr.net/fontsource/fonts/akshar@latest/latin-700-normal.woff2",
          },
        },
        "latin-ext": {
          "url": {
            "ttf": "https://cdn.jsdelivr.net/fontsource/fonts/akshar@latest/latin-ext-700-normal.ttf",
            "woff": "https://cdn.jsdelivr.net/fontsource/fonts/akshar@latest/latin-ext-700-normal.woff",
            "woff2": "https://cdn.jsdelivr.net/fontsource/fonts/akshar@latest/latin-ext-700-normal.woff2",
          },
        },
      },
    },
  },
  "version": "v9",
  "weights": [
    300,
    400,
    500,
    600,
    700,
  ],
}
`;
